Using pre-set license
Built from '2021.3/staging' branch; Version is '2021.3.18f1 (3129e69bc0c7) revision 3221990'; Using compiler version '192829333'; Build Type 'Release'
OS: 'Windows 11  (10.0.26200) 64bit Professional' Language: 'en' Physical Memory: 16309 MB
BatchMode: 1, IsHumanControllingUs: 0, StartBugReporterOnCrash: 0, Is64bit: 1, IsPro: 1

COMMAND LINE ARGUMENTS:
C:\Program Files\Unity\Hub\Editor\2021.3.18f1\Editor\Unity.exe
-adb2
-batchMode
-noUpm
-name
AssetImportWorker0
-projectPath
C:/Users/Karlo/Desktop/WrongTown
-logFile
Logs/AssetImportWorker0.log
-srvPort
54483
Successfully changed project path to: C:/Users/Karlo/Desktop/WrongTown
C:/Users/Karlo/Desktop/WrongTown
[UnityMemory] Configuration Parameters - Can be set up in boot.config
    "memorysetup-bucket-allocator-granularity=16"
    "memorysetup-bucket-allocator-bucket-count=8"
    "memorysetup-bucket-allocator-block-size=33554432"
    "memorysetup-bucket-allocator-block-count=8"
    "memorysetup-main-allocator-block-size=16777216"
    "memorysetup-thread-allocator-block-size=16777216"
    "memorysetup-gfx-main-allocator-block-size=16777216"
    "memorysetup-gfx-thread-allocator-block-size=16777216"
    "memorysetup-cache-allocator-block-size=4194304"
    "memorysetup-typetree-allocator-block-size=2097152"
    "memorysetup-profiler-bucket-allocator-granularity=16"
    "memorysetup-profiler-bucket-allocator-bucket-count=8"
    "memorysetup-profiler-bucket-allocator-block-size=33554432"
    "memorysetup-profiler-bucket-allocator-block-count=8"
    "memorysetup-profiler-allocator-block-size=16777216"
    "memorysetup-profiler-editor-allocator-block-size=1048576"
    "memorysetup-temp-allocator-size-main=16777216"
    "memorysetup-job-temp-allocator-block-size=2097152"
    "memorysetup-job-temp-allocator-block-size-background=1048576"
    "memorysetup-job-temp-allocator-reduction-small-platforms=262144"
    "memorysetup-temp-allocator-size-background-worker=32768"
    "memorysetup-temp-allocator-size-job-worker=262144"
    "memorysetup-temp-allocator-size-preload-manager=33554432"
    "memorysetup-temp-allocator-size-nav-mesh-worker=65536"
    "memorysetup-temp-allocator-size-audio-worker=65536"
    "memorysetup-temp-allocator-size-cloud-worker=32768"
    "memorysetup-temp-allocator-size-gi-baking-worker=262144"
    "memorysetup-temp-allocator-size-gfx=262144"
Player connection [16440] Host "[IP] 192.168.100.19 [Port] 0 [Flags] 2 [Guid] 3544639648 [EditorId] 3544639648 [Version] 1048832 [Id] WindowsEditor(7,DESKTOP-SH3SECO) [Debug] 1 [PackageName] WindowsEditor [ProjectName] Editor" joined multi-casting on [225.0.0.222:54997]...

Player connection [16440] Host "[IP] 192.168.100.19 [Port] 0 [Flags] 2 [Guid] 3544639648 [EditorId] 3544639648 [Version] 1048832 [Id] WindowsEditor(7,DESKTOP-SH3SECO) [Debug] 1 [PackageName] WindowsEditor [ProjectName] Editor" joined alternative multi-casting on [225.0.0.222:34997]...

Refreshing native plugins compatible for Editor in 81.85 ms, found 3 plugins.
Preloading 0 native plugins for Editor in 0.00 ms.
Initialize engine version: 2021.3.18f1 (3129e69bc0c7)
[Subsystems] Discovering subsystems at path C:/Program Files/Unity/Hub/Editor/2021.3.18f1/Editor/Data/Resources/UnitySubsystems
[Subsystems] Discovering subsystems at path C:/Users/Karlo/Desktop/WrongTown/Assets
GfxDevice: creating device client; threaded=0; jobified=0
Direct3D:
    Version:  Direct3D 11.0 [level 11.1]
    Renderer: AMD Radeon RX 6700 XT (ID=0x73df)
    Vendor:   ATI
    VRAM:     12242 MB
    Driver:   32.0.21043.19003
Initialize mono
Mono path[0] = 'C:/Program Files/Unity/Hub/Editor/2021.3.18f1/Editor/Data/Managed'
Mono path[1] = 'C:/Program Files/Unity/Hub/Editor/2021.3.18f1/Editor/Data/MonoBleedingEdge/lib/mono/unityjit-win32'
Mono config path = 'C:/Program Files/Unity/Hub/Editor/2021.3.18f1/Editor/Data/MonoBleedingEdge/etc'
Using monoOptions --debugger-agent=transport=dt_socket,embedding=1,server=y,suspend=n,address=127.0.0.1:56148
Begin MonoManager ReloadAssembly
Registering precompiled unity dll's ...
Register platform support module: C:/Program Files/Unity/Hub/Editor/2021.3.18f1/Editor/Data/PlaybackEngines/WindowsStandaloneSupport/UnityEditor.WindowsStandalone.Extensions.dll
Registered in 0.005782 seconds.
Native extension for WindowsStandalone target not found
Refreshing native plugins compatible for Editor in 84.98 ms, found 3 plugins.
Preloading 0 native plugins for Editor in 0.00 ms.
Mono: successfully reloaded assembly
- Completed reload, in  0.583 seconds
Domain Reload Profiling:
	ReloadAssembly (583ms)
		BeginReloadAssembly (72ms)
			ExecutionOrderSort (0ms)
			DisableScriptedObjects (0ms)
			BackupInstance (0ms)
			ReleaseScriptingObjects (0ms)
			CreateAndSetChildDomain (1ms)
		EndReloadAssembly (412ms)
			LoadAssemblies (70ms)
			RebuildTransferFunctionScriptingTraits (0ms)
			SetupTypeCache (81ms)
			ReleaseScriptCaches (0ms)
			RebuildScriptCaches (23ms)
			SetupLoadedEditorAssemblies (262ms)
				LogAssemblyErrors (0ms)
				InitializePlatformSupportModulesInManaged (6ms)
				SetLoadedEditorAssemblies (0ms)
				RefreshPlugins (85ms)
				BeforeProcessingInitializeOnLoad (1ms)
				ProcessInitializeOnLoadAttributes (123ms)
				ProcessInitializeOnLoadMethodAttributes (47ms)
				AfterProcessingInitializeOnLoad (0ms)
				EditorAssembliesLoaded (0ms)
			ExecutionOrderSort2 (0ms)
			AwakeInstancesAfterBackupRestoration (0ms)
Platform modules already initialized, skipping
Registering precompiled user dll's ...
Registered in 0.005407 seconds.
Begin MonoManager ReloadAssembly
Symbol file LoadedFromMemory doesn't match image C:\Users\Karlo\Desktop\WrongTown\Library\PackageCache\com.unity.visualscripting@1.8.0\Editor\VisualScripting.Core\Dependencies\YamlDotNet\Unity.VisualScripting.YamlDotNet.dll
Symbol file LoadedFromMemory doesn't match image C:\Users\Karlo\Desktop\WrongTown\Library\PackageCache\com.unity.visualscripting@1.8.0\Editor\VisualScripting.Core\Dependencies\DotNetZip\Unity.VisualScripting.IonicZip.dll
Native extension for WindowsStandalone target not found
Refreshing native plugins compatible for Editor in 85.06 ms, found 3 plugins.
Preloading 0 native plugins for Editor in 0.00 ms.
Mono: successfully reloaded assembly
- Completed reload, in  1.137 seconds
Domain Reload Profiling:
	ReloadAssembly (1138ms)
		BeginReloadAssembly (136ms)
			ExecutionOrderSort (0ms)
			DisableScriptedObjects (8ms)
			BackupInstance (0ms)
			ReleaseScriptingObjects (0ms)
			CreateAndSetChildDomain (22ms)
		EndReloadAssembly (894ms)
			LoadAssemblies (93ms)
			RebuildTransferFunctionScriptingTraits (0ms)
			SetupTypeCache (215ms)
			ReleaseScriptCaches (1ms)
			RebuildScriptCaches (47ms)
			SetupLoadedEditorAssemblies (519ms)
				LogAssemblyErrors (0ms)
				InitializePlatformSupportModulesInManaged (4ms)
				SetLoadedEditorAssemblies (0ms)
				RefreshPlugins (85ms)
				BeforeProcessingInitializeOnLoad (119ms)
				ProcessInitializeOnLoadAttributes (288ms)
				ProcessInitializeOnLoadMethodAttributes (15ms)
				AfterProcessingInitializeOnLoad (7ms)
				EditorAssembliesLoaded (0ms)
			ExecutionOrderSort2 (0ms)
			AwakeInstancesAfterBackupRestoration (8ms)
Platform modules already initialized, skipping
========================================================================
Worker process is ready to serve import requests
Launched and connected shader compiler UnityShaderCompiler.exe after 0.04 seconds
Refreshing native plugins compatible for Editor in 0.73 ms, found 3 plugins.
Preloading 0 native plugins for Editor in 0.00 ms.
Unloading 3614 Unused Serialized files (Serialized files now loaded: 0)
Unloading 44 unused Assets / (0.6 MB). Loaded Objects now: 4094.
Memory consumption went from 149.1 MB to 148.5 MB.
Total: 3.020400 ms (FindLiveObjects: 0.211800 ms CreateObjectMapping: 0.105500 ms MarkObjects: 2.499700 ms  DeleteObjects: 0.202400 ms)

AssetImportParameters requested are different than current active one (requested -> active):
  custom:video-decoder-ogg-theora: a1e56fd34408186e4bbccfd4996cb3dc -> 
  custom:container-muxer-webm: aa71ff27fc2769a1b78a27578f13a17b -> 
  custom:container-demuxer-webm: 4f35f7cbe854078d1ac9338744f61a02 -> 
  custom:video-encoder-webm-vp8: eb34c28f22e8b96e1ab97ce403110664 -> 
  custom:video-codec-MediaFoundation-h265: 746d11721c4dcdbdad8f713fa42b33f4 -> 
  custom:audio-encoder-webm-vorbis: bf7c407c2cedff20999df2af8eb42d56 -> 
  custom:framework-win-MediaFoundation: 216162199b28c13a410421893ffa2e32 -> 
  custom:container-demuxer-ogg: 62fdf1f143b41e24485cea50d1cbac27 -> 
  custom:video-decoder-webm-vp8: 9c59270c3fd7afecdb556c50c9e8de78 -> 
  custom:audio-decoder-ogg-vorbis: bf7c407c2cedff20999df2af8eb42d56 -> 
========================================================================
Received Import Request.
  Time since last request: 3558.389283 seconds.
  path: Assets/Sand.terrainlayer
  artifactKey: Guid(ec739a6c462ab7f4cb68662de431e168) Importer(815301076,1909f56bfc062723c751e8b465ee728b)
Start importing Assets/Sand.terrainlayer using Guid(ec739a6c462ab7f4cb68662de431e168) Importer(815301076,1909f56bfc062723c751e8b465ee728b)  -> (artifact id: 'a49794262ab3a8c1a750de68f3a70329') in 0.116943 seconds 
========================================================================
Received Import Request.
  Time since last request: 365.477655 seconds.
  path: Assets/Prefabs/Floor 10x10.prefab
  artifactKey: Guid(27523aec3e103f64dbf84f07abff2fe2) Importer(815301076,1909f56bfc062723c751e8b465ee728b)
Start importing Assets/Prefabs/Floor 10x10.prefab using Guid(27523aec3e103f64dbf84f07abff2fe2) Importer(815301076,1909f56bfc062723c751e8b465ee728b)  -> (artifact id: '196396d4abbeb4688fe54835549f2e18') in 0.035159 seconds 
========================================================================
Received Import Request.
  Time since last request: 8.271591 seconds.
  path: Assets/Prefabs/Cube (6).prefab
  artifactKey: Guid(a57b0015b251e0644939d9846effb4fb) Importer(815301076,1909f56bfc062723c751e8b465ee728b)
Start importing Assets/Prefabs/Cube (6).prefab using Guid(a57b0015b251e0644939d9846effb4fb) Importer(815301076,1909f56bfc062723c751e8b465ee728b)  -> (artifact id: '94a7f82a4f6bae5574be40c38619a5da') in 0.009974 seconds 
========================================================================
Received Import Request.
  Time since last request: 15.071332 seconds.
  path: Assets/Prefabs/Wooden_Beam.prefab
  artifactKey: Guid(a57b0015b251e0644939d9846effb4fb) Importer(815301076,1909f56bfc062723c751e8b465ee728b)
Start importing Assets/Prefabs/Wooden_Beam.prefab using Guid(a57b0015b251e0644939d9846effb4fb) Importer(815301076,1909f56bfc062723c751e8b465ee728b)  -> (artifact id: 'cc7d4cb9edf760dedc3ced25b94d17ed') in 0.010338 seconds 
========================================================================
Received Import Request.
  Time since last request: 235.042913 seconds.
  path: Packages/com.unity.probuilder/Content/Resources/Textures/GridBox_Default.png
  artifactKey: Guid(6344bf96fbda94141a525046d088fb23) Importer(815301076,1909f56bfc062723c751e8b465ee728b)
Start importing Packages/com.unity.probuilder/Content/Resources/Textures/GridBox_Default.png using Guid(6344bf96fbda94141a525046d088fb23) Importer(815301076,1909f56bfc062723c751e8b465ee728b)  -> (artifact id: '7465f96937a4cdd51c451207af355552') in 0.061187 seconds 
========================================================================
Received Import Request.
  Time since last request: 192.118453 seconds.
  path: Assets/Prefabs/Wooden_Beam.prefab
  artifactKey: Guid(a57b0015b251e0644939d9846effb4fb) Importer(815301076,1909f56bfc062723c751e8b465ee728b)
Start importing Assets/Prefabs/Wooden_Beam.prefab using Guid(a57b0015b251e0644939d9846effb4fb) Importer(815301076,1909f56bfc062723c751e8b465ee728b)  -> (artifact id: 'edfdcf59277872fe95fd4a960900a729') in 0.003842 seconds 
========================================================================
Received Import Request.
  Time since last request: 440.374492 seconds.
  path: Assets/ProBuilder Data/Default Material Palette.asset
  artifactKey: Guid(b94d61a20f0ef144abadefb8d68cdf26) Importer(815301076,1909f56bfc062723c751e8b465ee728b)
Start importing Assets/ProBuilder Data/Default Material Palette.asset using Guid(b94d61a20f0ef144abadefb8d68cdf26) Importer(815301076,1909f56bfc062723c751e8b465ee728b)  -> (artifact id: '6e1596aeb8f79c7b0df1b9e9e71387b2') in 0.015714 seconds 
========================================================================
Received Import Request.
  Time since last request: 641.018132 seconds.
  path: Assets/Textures/gravelly_sand_4k.blend
  artifactKey: Guid(842ac60ec9319d1408d9b91d0bebe933) Importer(815301076,1909f56bfc062723c751e8b465ee728b)
Start importing Assets/Textures/gravelly_sand_4k.blend using Guid(842ac60ec9319d1408d9b91d0bebe933) Importer(815301076,1909f56bfc062723c751e8b465ee728b)  -> (artifact id: 'e1012ad2f5bebe2d267028a76d44e006') in 0.201952 seconds 
========================================================================
Received Import Request.
  Time since last request: 2.040683 seconds.
  path: Assets/Textures/textures
  artifactKey: Guid(d2471e54dac59ca44b4d478e65a9d007) Importer(815301076,1909f56bfc062723c751e8b465ee728b)
Start importing Assets/Textures/textures using Guid(d2471e54dac59ca44b4d478e65a9d007) Importer(815301076,1909f56bfc062723c751e8b465ee728b)  -> (artifact id: '15144dd143da3976052122d6674f30cd') in 0.010291 seconds 
========================================================================
Received Import Request.
  Time since last request: 30.921641 seconds.
  path: Assets/Textures/wood_planks_4k.blend.zip
  artifactKey: Guid(cc6427933af7f8e42a9ae9275b978503) Importer(815301076,1909f56bfc062723c751e8b465ee728b)
Start importing Assets/Textures/wood_planks_4k.blend.zip using Guid(cc6427933af7f8e42a9ae9275b978503) Importer(815301076,1909f56bfc062723c751e8b465ee728b)  -> (artifact id: '6d622252d68bd7388e95eee5d4596e8f') in 0.017859 seconds 
========================================================================
Received Import Request.
  Time since last request: 31.178025 seconds.
  path: Assets/Textures
  artifactKey: Guid(5c3e8becf0fc6164695b0334688fa830) Importer(815301076,1909f56bfc062723c751e8b465ee728b)
Start importing Assets/Textures using Guid(5c3e8becf0fc6164695b0334688fa830) Importer(815301076,1909f56bfc062723c751e8b465ee728b)  -> (artifact id: '05c5dea22a1e5a68c2d6f084ee3384c2') in 0.010344 seconds 
========================================================================
Received Import Request.
  Time since last request: 12.286387 seconds.
  path: Assets/Textures/Planks.mat
  artifactKey: Guid(0440d551364df874b903bbba101bd235) Importer(815301076,1909f56bfc062723c751e8b465ee728b)
Start importing Assets/Textures/Planks.mat using Guid(0440d551364df874b903bbba101bd235) Importer(815301076,1909f56bfc062723c751e8b465ee728b)  -> (artifact id: '1dd032c872c75f3ce13e856aa6f566e5') in 0.019605 seconds 
========================================================================
Received Import Request.
  Time since last request: 60.535003 seconds.
  path: Assets/Textures/wood_planks_4k.blend
  artifactKey: Guid(de023ecc4ee7272479229d1f04c5e802) Importer(815301076,1909f56bfc062723c751e8b465ee728b)
Start importing Assets/Textures/wood_planks_4k.blend using Guid(de023ecc4ee7272479229d1f04c5e802) Importer(815301076,1909f56bfc062723c751e8b465ee728b)  -> (artifact id: 'e393f7d10b98bb94e69bf6c480177432') in 0.042578 seconds 
========================================================================
Received Import Request.
  Time since last request: 33.337762 seconds.
  path: Packages/com.unity.probuilder/Content/Resources/Materials/Collider.mat
  artifactKey: Guid(bbb235fff4f48426b863b36058ab66d2) Importer(815301076,1909f56bfc062723c751e8b465ee728b)
Start importing Packages/com.unity.probuilder/Content/Resources/Materials/Collider.mat using Guid(bbb235fff4f48426b863b36058ab66d2) Importer(815301076,1909f56bfc062723c751e8b465ee728b)  -> (artifact id: 'd6e6417a1ceb6b712a6ae6262e83b9bc') in 0.082149 seconds 
========================================================================
Received Import Request.
  Time since last request: 0.000026 seconds.
  path: Packages/com.unity.probuilder/Content/Resources/Materials/VertexPickerHDRP.mat
  artifactKey: Guid(7d5c9fc287a2aa945a98203d41282923) Importer(815301076,1909f56bfc062723c751e8b465ee728b)
Start importing Packages/com.unity.probuilder/Content/Resources/Materials/VertexPickerHDRP.mat using Guid(7d5c9fc287a2aa945a98203d41282923) Importer(815301076,1909f56bfc062723c751e8b465ee728b)  -> (artifact id: '5b9acdb647b9e71eb0ad5233141b3f40') in 0.036569 seconds 
========================================================================
Received Import Request.
  Time since last request: 0.000027 seconds.
  path: Packages/com.unity.probuilder/Content/Resources/Materials/FacePicker.mat
  artifactKey: Guid(5695904020f064fdab5ad265b274a616) Importer(815301076,1909f56bfc062723c751e8b465ee728b)
Start importing Packages/com.unity.probuilder/Content/Resources/Materials/FacePicker.mat using Guid(5695904020f064fdab5ad265b274a616) Importer(815301076,1909f56bfc062723c751e8b465ee728b)  -> (artifact id: '99d703007d41985d9c3116a1d803ce13') in 0.033068 seconds 
========================================================================
Received Import Request.
  Time since last request: 0.000017 seconds.
  path: Packages/com.unity.probuilder/Content/Resources/Materials/VertexPicker.mat
  artifactKey: Guid(30a8575e1d4cc4e01a88ffbf4f973d80) Importer(815301076,1909f56bfc062723c751e8b465ee728b)
Start importing Packages/com.unity.probuilder/Content/Resources/Materials/VertexPicker.mat using Guid(30a8575e1d4cc4e01a88ffbf4f973d80) Importer(815301076,1909f56bfc062723c751e8b465ee728b)  -> (artifact id: '2cdcf85070abb3b25124a003d0dc64e8') in 0.034408 seconds 
========================================================================
Received Import Request.
  Time since last request: 0.000015 seconds.
  path: Packages/com.unity.probuilder/Content/Resources/Materials/ProBuilderDefault.mat
  artifactKey: Guid(c22777d6e868e4f2fb421913386b154e) Importer(815301076,1909f56bfc062723c751e8b465ee728b)
Start importing Packages/com.unity.probuilder/Content/Resources/Materials/ProBuilderDefault.mat using Guid(c22777d6e868e4f2fb421913386b154e) Importer(815301076,1909f56bfc062723c751e8b465ee728b)  -> (artifact id: '10040e2d2ed27e67aa9e801872a5c15b') in 0.049760 seconds 
========================================================================
Received Import Request.
  Time since last request: 0.000018 seconds.
  path: Packages/com.unity.probuilder/Content/Resources/Materials/StandardVertexColorLWRP.mat
  artifactKey: Guid(077a003b1de1e4c35923be7a21b5d948) Importer(815301076,1909f56bfc062723c751e8b465ee728b)
Start importing Packages/com.unity.probuilder/Content/Resources/Materials/StandardVertexColorLWRP.mat using Guid(077a003b1de1e4c35923be7a21b5d948) Importer(815301076,1909f56bfc062723c751e8b465ee728b)  -> (artifact id: 'c7a411a5da09122af52144cf7cf4b32c') in 0.015625 seconds 
========================================================================
Received Import Request.
  Time since last request: 0.000013 seconds.
  path: Packages/com.unity.probuilder/Content/Resources/Materials/InvisibleFace.mat
  artifactKey: Guid(978bbcf5050244f1b95128c04103f628) Importer(815301076,1909f56bfc062723c751e8b465ee728b)
Start importing Packages/com.unity.probuilder/Content/Resources/Materials/InvisibleFace.mat using Guid(978bbcf5050244f1b95128c04103f628) Importer(815301076,1909f56bfc062723c751e8b465ee728b)  -> (artifact id: '1a7cd32e50dcff853aeeebe776f7c4b4') in 0.020748 seconds 
========================================================================
Received Import Request.
  Time since last request: 0.000018 seconds.
  path: Packages/com.unity.probuilder/Content/Resources/Materials/FacePickerHDRP.mat
  artifactKey: Guid(a53ef0dd76f2fe74eb5f43267d7c0195) Importer(815301076,1909f56bfc062723c751e8b465ee728b)
Start importing Packages/com.unity.probuilder/Content/Resources/Materials/FacePickerHDRP.mat using Guid(a53ef0dd76f2fe74eb5f43267d7c0195) Importer(815301076,1909f56bfc062723c751e8b465ee728b)  -> (artifact id: '5a035f38229f0636d76d5f3109cf2a4c') in 0.015541 seconds 
========================================================================
Received Import Request.
  Time since last request: 0.000012 seconds.
  path: Packages/com.unity.probuilder/Content/Resources/Materials/UnlitVertexColor.mat
  artifactKey: Guid(29966c3c0907b49b58c4e59342d020cf) Importer(815301076,1909f56bfc062723c751e8b465ee728b)
Start importing Packages/com.unity.probuilder/Content/Resources/Materials/UnlitVertexColor.mat using Guid(29966c3c0907b49b58c4e59342d020cf) Importer(815301076,1909f56bfc062723c751e8b465ee728b)  -> (artifact id: '5c638e9122e58b1b1669322184ce6765') in 0.016044 seconds 
========================================================================
Received Import Request.
  Time since last request: 37.694698 seconds.
  path: Packages/com.unity.probuilder/Content/Icons/Toolbar/AltButton_Normal.png
  artifactKey: Guid(c175d9b0ccfa2428ea936c9c6b654bd1) Importer(815301076,1909f56bfc062723c751e8b465ee728b)
Start importing Packages/com.unity.probuilder/Content/Icons/Toolbar/AltButton_Normal.png using Guid(c175d9b0ccfa2428ea936c9c6b654bd1) Importer(815301076,1909f56bfc062723c751e8b465ee728b)  -> (artifact id: '576f7d1ea6d1e3e0aaa3fcac23f4b066') in 0.016421 seconds 
========================================================================
Received Import Request.
  Time since last request: 0.000022 seconds.
  path: Packages/com.unity.textmeshpro/Editor Resources/Textures/btn_AlignBaseLine_Light.psd
  artifactKey: Guid(18775b51e3bd42299fd30bd036ea982f) Importer(815301076,1909f56bfc062723c751e8b465ee728b)
Start importing Packages/com.unity.textmeshpro/Editor Resources/Textures/btn_AlignBaseLine_Light.psd using Guid(18775b51e3bd42299fd30bd036ea982f) Importer(815301076,1909f56bfc062723c751e8b465ee728b)  -> (artifact id: '42cfc1279a46fbaf1919953bf728d691') in 0.024641 seconds 
========================================================================
Received Import Request.
  Time since last request: 0.000018 seconds.
  path: Packages/com.unity.textmeshpro/Editor Resources/Textures/btn_AlignCapLine.psd
  artifactKey: Guid(0d9a36012a224080966c7b55896aa0f9) Importer(815301076,1909f56bfc062723c751e8b465ee728b)
Start importing Packages/com.unity.textmeshpro/Editor Resources/Textures/btn_AlignCapLine.psd using Guid(0d9a36012a224080966c7b55896aa0f9) Importer(815301076,1909f56bfc062723c751e8b465ee728b)  -> (artifact id: 'b03fa845761212c2e46fac3b4343677a') in 0.025202 seconds 
========================================================================
Received Import Request.
  Time since last request: 0.000032 seconds.
  path: Packages/com.unity.probuilder/Content/Icons/Tools/ShapeTool/Arch_Light.png
  artifactKey: Guid(ba8d0d3e2af01a442b80960299ed9d2e) Importer(815301076,1909f56bfc062723c751e8b465ee728b)
Start importing Packages/com.unity.probuilder/Content/Icons/Tools/ShapeTool/Arch_Light.png using Guid(ba8d0d3e2af01a442b80960299ed9d2e) Importer(815301076,1909f56bfc062723c751e8b465ee728b)  -> (artifact id: '4f08672adf989eb9943e9e8855a4da10') in 0.024848 seconds 
========================================================================
Received Import Request.
  Time since last request: 0.000015 seconds.
  path: Packages/com.unity.probuilder/Content/Icons/Tools/ShapeTool/Arch@2x.png
  artifactKey: Guid(88a167cee1bb94744976dbe4929b3d70) Importer(815301076,1909f56bfc062723c751e8b465ee728b)
Start importing Packages/com.unity.probuilder/Content/Icons/Tools/ShapeTool/Arch@2x.png using Guid(88a167cee1bb94744976dbe4929b3d70) Importer(815301076,1909f56bfc062723c751e8b465ee728b)  -> (artifact id: '75c5cc7fd8b13f78d830e99978a66d43') in 0.024251 seconds 
========================================================================
Received Import Request.
  Time since last request: 0.000015 seconds.
  path: Packages/com.unity.probuilder/Content/Icons/Toolbar/Bezier_Mirrored.png
  artifactKey: Guid(ef7e9b1becafe43e08ebc38b881ce60d) Importer(815301076,1909f56bfc062723c751e8b465ee728b)
Start importing Packages/com.unity.probuilder/Content/Icons/Toolbar/Bezier_Mirrored.png using Guid(ef7e9b1becafe43e08ebc38b881ce60d) Importer(815301076,1909f56bfc062723c751e8b465ee728b)  -> (artifact id: 'a8dbca90aafe1ff2acf32f8048e2cedc') in 0.025660 seconds 
========================================================================
Received Import Request.
  Time since last request: 0.859107 seconds.
  path: Packages/com.unity.textmeshpro/Editor Resources/Textures/btn_AlignCenter_Light.psd
  artifactKey: Guid(6ace62d30f494c948b71d5594afce11d) Importer(815301076,1909f56bfc062723c751e8b465ee728b)
Start importing Packages/com.unity.textmeshpro/Editor Resources/Textures/btn_AlignCenter_Light.psd using Guid(6ace62d30f494c948b71d5594afce11d) Importer(815301076,1909f56bfc062723c751e8b465ee728b)  -> (artifact id: 'b015c9d5bdadc3317989916f713e5cc3') in 0.025230 seconds 
========================================================================
Received Import Request.
  Time since last request: 0.021455 seconds.
  path: Packages/com.unity.textmeshpro/Editor Resources/Textures/btn_AlignJustified_Light.psd
  artifactKey: Guid(fa6bd40a216346b783a4cce741d277a5) Importer(815301076,1909f56bfc062723c751e8b465ee728b)
Start importing Packages/com.unity.textmeshpro/Editor Resources/Textures/btn_AlignJustified_Light.psd using Guid(fa6bd40a216346b783a4cce741d277a5) Importer(815301076,1909f56bfc062723c751e8b465ee728b)  -> (artifact id: '792430ad32230141f377b9b5d51160e7') in 0.024433 seconds 
========================================================================
Received Import Request.
  Time since last request: 0.022691 seconds.
  path: Packages/com.unity.textmeshpro/Editor Resources/Textures/btn_AlignMidline_Light.psd
  artifactKey: Guid(bb42b2d967d6427983c901a4ffc8ecd9) Importer(815301076,1909f56bfc062723c751e8b465ee728b)
Start importing Packages/com.unity.textmeshpro/Editor Resources/Textures/btn_AlignMidline_Light.psd using Guid(bb42b2d967d6427983c901a4ffc8ecd9) Importer(815301076,1909f56bfc062723c751e8b465ee728b)  -> (artifact id: 'cb69f1da9fc996d9706563da5408834d') in 0.022453 seconds 
========================================================================
Received Import Request.
  Time since last request: 191.343173 seconds.
  path: Assets/Terrain/TerrainData_9f2fd28f-e862-4dca-a7d7-88b9fea8f198.asset
  artifactKey: Guid(f0c783d200db1854e91ce8a787151322) Importer(815301076,1909f56bfc062723c751e8b465ee728b)
Start importing Assets/Terrain/TerrainData_9f2fd28f-e862-4dca-a7d7-88b9fea8f198.asset using Guid(f0c783d200db1854e91ce8a787151322) Importer(815301076,1909f56bfc062723c751e8b465ee728b)  -> (artifact id: '25c935c91619f470db6f7a8af02fa6ea') in 0.025020 seconds 
========================================================================
Received Import Request.
  Time since last request: 0.000015 seconds.
  path: Assets/Terrain/TerrainData_b2a5c743-91b6-480f-b861-f5de34325565.asset
  artifactKey: Guid(68383f5cd8fbdc74894933702559dfb6) Importer(815301076,1909f56bfc062723c751e8b465ee728b)
Start importing Assets/Terrain/TerrainData_b2a5c743-91b6-480f-b861-f5de34325565.asset using Guid(68383f5cd8fbdc74894933702559dfb6) Importer(815301076,1909f56bfc062723c751e8b465ee728b)  -> (artifact id: '2076767e8e9fe59b9a9586570adf56b1') in 0.017920 seconds 
========================================================================
Received Import Request.
  Time since last request: 87.156235 seconds.
  path: Assets/Textures/wood_planks_nor_gl_4k.exr
  artifactKey: Guid(c1d1b1f3d6e8b8c4f85693b9c292619a) Importer(815301076,1909f56bfc062723c751e8b465ee728b)
Start importing Assets/Textures/wood_planks_nor_gl_4k.exr using Guid(c1d1b1f3d6e8b8c4f85693b9c292619a) Importer(815301076,1909f56bfc062723c751e8b465ee728b)  -> (artifact id: 'd4ca973d6b91c4ec56e17cc84b2bac14') in 0.022209 seconds 
========================================================================
Received Import Request.
  Time since last request: 620.743321 seconds.
  path: Assets/Textures/weathered_brown_planks_diff_4k.jpg
  artifactKey: Guid(f14a2a6a7abea1244b818e59124e416e) Importer(815301076,1909f56bfc062723c751e8b465ee728b)
Start importing Assets/Textures/weathered_brown_planks_diff_4k.jpg using Guid(f14a2a6a7abea1244b818e59124e416e) Importer(815301076,1909f56bfc062723c751e8b465ee728b)  -> (artifact id: 'dab42d55c5b3dc23b4f4e066342572bb') in 0.023132 seconds 
========================================================================
Received Import Request.
  Time since last request: 0.000022 seconds.
  path: Assets/Textures/weathered_brown_planks_rough_4k.jpg
  artifactKey: Guid(13d0f85029fe5e7438fdcfef850d6eda) Importer(815301076,1909f56bfc062723c751e8b465ee728b)
Start importing Assets/Textures/weathered_brown_planks_rough_4k.jpg using Guid(13d0f85029fe5e7438fdcfef850d6eda) Importer(815301076,1909f56bfc062723c751e8b465ee728b)  -> (artifact id: '5b6c35f26dd742a39941b0bca0e99e3d') in 0.017357 seconds 
========================================================================
Received Import Request.
  Time since last request: 0.000022 seconds.
  path: Assets/Textures/weathered_brown_planks_disp_4k.png
  artifactKey: Guid(2a3032e715d086a4a8acf65210ea6dc1) Importer(815301076,1909f56bfc062723c751e8b465ee728b)
Start importing Assets/Textures/weathered_brown_planks_disp_4k.png using Guid(2a3032e715d086a4a8acf65210ea6dc1) Importer(815301076,1909f56bfc062723c751e8b465ee728b)  -> (artifact id: 'ce2da179fb767cdcbe9efdaad20fae3d') in 0.018466 seconds 
========================================================================
Received Import Request.
  Time since last request: 2.899349 seconds.
  path: Assets/Textures/textures 1/wood_planks_disp_4k.png
  artifactKey: Guid(e3d62a08a58f9a34fac7e3e72f53d19e) Importer(815301076,1909f56bfc062723c751e8b465ee728b)
Start importing Assets/Textures/textures 1/wood_planks_disp_4k.png using Guid(e3d62a08a58f9a34fac7e3e72f53d19e) Importer(815301076,1909f56bfc062723c751e8b465ee728b)  -> (artifact id: '1c3adeaf48af7ade3340d12bc9076beb') in 0.013686 seconds 
========================================================================
Received Import Request.
  Time since last request: 0.000017 seconds.
  path: Assets/Textures/textures 1/wood_planks_nor_gl_4k.exr
  artifactKey: Guid(cdaa6afd800a7f543be0b0fceb5fc687) Importer(815301076,1909f56bfc062723c751e8b465ee728b)
Start importing Assets/Textures/textures 1/wood_planks_nor_gl_4k.exr using Guid(cdaa6afd800a7f543be0b0fceb5fc687) Importer(815301076,1909f56bfc062723c751e8b465ee728b)  -> (artifact id: '6f4fc147315a6c08dafc9567914a3b92') in 0.018653 seconds 
========================================================================
Received Import Request.
  Time since last request: 3.772779 seconds.
  path: Assets/Textures/textures/gravelly_sand_disp_4k.png
  artifactKey: Guid(9aa9d55e5d60904449d851a375005602) Importer(815301076,1909f56bfc062723c751e8b465ee728b)
Start importing Assets/Textures/textures/gravelly_sand_disp_4k.png using Guid(9aa9d55e5d60904449d851a375005602) Importer(815301076,1909f56bfc062723c751e8b465ee728b)  -> (artifact id: 'b69f737cb3463978932fc209263d9751') in 0.018301 seconds 
Editor requested this worker to shutdown with reason: Scaling down because of idle timeout
AssetImportWorker is now disconnected from the server
Process exiting
Exiting without the bug reporter. Application will terminate with return code 0